../Core/Src/main.c:100:1:__io_putchar	1
../Core/Src/main.c:107:6:AHT_Init	1
../Core/Src/main.c:117:6:AHT_Read	3
../Core/Src/main.c:146:6:NRF24_WriteRegister	1
../Core/Src/main.c:158:6:NRF24_WriteRegisterBuf	1
../Core/Src/main.c:167:6:NRF24_FlushTX	1
../Core/Src/main.c:174:9:NRF24_ReadRegister	1
../Core/Src/main.c:190:6:NRF24_Init	1
../Core/Src/main.c:220:6:NRF24_TransmitPacket	1
../Core/Src/main.c:249:5:main	1
../Core/Src/main.c:340:6:SystemClock_Config	3
../Core/Src/main.c:380:13:MX_I2C1_Init	2
../Core/Src/main.c:414:13:MX_SPI1_Init	2
../Core/Src/main.c:452:13:MX_USART1_UART_Init	2
../Core/Src/main.c:485:13:MX_GPIO_Init	1
../Core/Src/main.c:531:6:Error_Handler	1
