../Core/Src/main.c:100:1:__io_putchar	16	static
../Core/Src/main.c:107:6:AHT_Init	24	static
../Core/Src/main.c:117:6:AHT_Read	48	static
../Core/Src/main.c:146:6:NRF24_WriteRegister	24	static
../Core/Src/main.c:158:6:NRF24_WriteRegisterBuf	24	static
../Core/Src/main.c:167:6:NRF24_FlushTX	16	static
../Core/Src/main.c:174:9:NRF24_ReadRegister	32	static
../Core/Src/main.c:190:6:NRF24_Init	16	static
../Core/Src/main.c:220:6:NRF24_TransmitPacket	24	static
../Core/Src/main.c:249:5:main	48	static
../Core/Src/main.c:340:6:SystemClock_Config	72	static
../Core/Src/main.c:380:13:MX_I2C1_Init	8	static
../Core/Src/main.c:414:13:MX_SPI1_Init	8	static
../Core/Src/main.c:452:13:MX_USART1_UART_Init	8	static
../Core/Src/main.c:485:13:MX_GPIO_Init	40	static
../Core/Src/main.c:531:6:Error_Handler	4	static,ignoring_inline_asm
