../Core/Src/main.c:93:1:__io_putchar	16	static
../Core/Src/main.c:99:6:AHT_Init	24	static
../Core/Src/main.c:107:6:AHT_Read	48	static
../Core/Src/main.c:128:6:NRF24_WriteRegister	24	static
../Core/Src/main.c:139:6:NRF24_WriteRegisterBuf	24	static
../Core/Src/main.c:147:6:NRF24_FlushTX	16	static
../Core/Src/main.c:154:9:NRF24_ReadRegister	24	static
../Core/Src/main.c:167:6:NRF24_Init	16	static
../Core/Src/main.c:183:6:NRF24_TransmitPacket	24	static
../Core/Src/main.c:213:5:main	48	static
../Core/Src/main.c:298:6:SystemClock_Config	72	static
../Core/Src/main.c:338:13:MX_I2C1_Init	8	static
../Core/Src/main.c:372:13:MX_SPI1_Init	8	static
../Core/Src/main.c:410:13:MX_USART1_UART_Init	8	static
../Core/Src/main.c:443:13:MX_GPIO_Init	40	static
../Core/Src/main.c:489:6:Error_Handler	4	static,ignoring_inline_asm
