../Core/Src/main.c:67:1:__io_putchar	16	static
../Core/Src/main.c:74:13:print_telemetry	48	static
../Core/Src/main.c:88:6:AHT_Init	24	static
../Core/Src/main.c:96:6:AHT_Read	48	static
../Core/Src/main.c:122:6:NRF24_WriteRegister	24	static
../Core/Src/main.c:132:6:NRF24_WriteRegisterBuf	24	static
../Core/Src/main.c:140:6:NRF24_FlushTX	16	static
../Core/Src/main.c:147:9:NRF24_ReadRegister	32	static
../Core/Src/main.c:160:6:NRF24_Init	16	static
../Core/Src/main.c:181:6:NRF24_TransmitPacket	24	static
../Core/Src/main.c:202:5:main	24	static
../Core/Src/main.c:259:6:SystemClock_Config	72	static
../Core/Src/main.c:289:13:MX_I2C1_Init	8	static
../Core/Src/main.c:306:13:MX_SPI1_Init	8	static
../Core/Src/main.c:326:13:MX_USART1_UART_Init	8	static
../Core/Src/main.c:342:13:MX_GPIO_Init	40	static
../Core/Src/main.c:367:6:Error_Handler	4	static,ignoring_inline_asm
